// Jest Snapshot v1, https://goo.gl/fbAQLP

exports[`Testing Getaways page should render a list of randomized getaways on mount 1`] = `
<ul
  aria-label="getaways"
  class="ul"
>
  <li
    class="list"
  >
    <div>
      <a
        activeclassname="selected"
        class="link"
        exact="true"
        href="/places/6092e1d88cb048f1d3300bd9"
      >
        <h2>
          Fantastic Park
        </h2>
        <img
          alt="Fantastic Park"
          src="http://placeimg.com/1080/800"
          style="height: 250px; width: 250px;"
        />
        <p>
          Price Per Night: $
          229
        </p>
        <p>
          Description: 
          The slim & simple Maple Gaming Keyboard from Dev Byte comes with a sleek body and 7- Color RGB LED Back-lighting for smart functionality
        </p>
        <p>
          Location: 
          68535 Tyrel Inlet, Davismouth, Georgia, 29036
        </p>
      </a>
    </div>
  </li>
  <li
    class="list"
  >
    <div>
      <a
        activeclassname="selected"
        class="link"
        exact="true"
        href="/places/6092e1d88cb048f1d3300bda"
      >
        <h2>
          Gorgeous Inn
        </h2>
        <img
          alt="Gorgeous Inn"
          src="http://placeimg.com/1080/800/nightlife"
          style="height: 250px; width: 250px;"
        />
        <p>
          Price Per Night: $
          206
        </p>
        <p>
          Description: 
          New range of formal shirts are designed keeping you in mind. With fits and styling that will make you stand apart
        </p>
        <p>
          Location: 
          48830 Elijah Forge, Milanport, South Carolina, 29153
        </p>
      </a>
    </div>
  </li>
  <li
    class="list"
  >
    <div>
      <a
        activeclassname="selected"
        class="link"
        exact="true"
        href="/places/6092e1d88cb048f1d3300bdb"
      >
        <h2>
          Practical Inn
        </h2>
        <img
          alt="Practical Inn"
          src="http://placeimg.com/1080/800/nature"
          style="height: 250px; width: 250px;"
        />
        <p>
          Price Per Night: $
          545
        </p>
        <p>
          Description: 
          Andy shoes are designed to keeping in mind durability as well as trends, the most stylish range of shoes & sandals
        </p>
        <p>
          Location: 
          0854 Mayert Cove, North Emie, Arkansas, 86121
        </p>
      </a>
    </div>
  </li>
  <li
    class="list"
  >
    <div>
      <a
        activeclassname="selected"
        class="link"
        exact="true"
        href="/places/6092e1d88cb048f1d3300bdc"
      >
        <h2>
          Unbranded Motel
        </h2>
        <img
          alt="Unbranded Motel"
          src="http://placeimg.com/1080/800/nightlife"
          style="height: 250px; width: 250px;"
        />
        <p>
          Price Per Night: $
          588
        </p>
        <p>
          Description: 
          New range of formal shirts are designed keeping you in mind. With fits and styling that will make you stand apart
        </p>
        <p>
          Location: 
          43717 Kris Neck, Fort Collins, Indiana, 10029-4317
        </p>
      </a>
    </div>
  </li>
  <li
    class="list"
  >
    <div>
      <a
        activeclassname="selected"
        class="link"
        exact="true"
        href="/places/6092e1d88cb048f1d3300bdd"
      >
        <h2>
          Ergonomic Zoo
        </h2>
        <img
          alt="Ergonomic Zoo"
          src="http://placeimg.com/1080/800/nightlife"
          style="height: 250px; width: 250px;"
        />
        <p>
          Price Per Night: $
          624
        </p>
        <p>
          Description: 
          Carbonite web goalkeeper gloves are ergonomically designed to give easy fit
        </p>
        <p>
          Location: 
          4739 Kirlin Inlet, South Ernesto, Nebraska, 09771
        </p>
      </a>
    </div>
  </li>
  <li
    class="list"
  >
    <div>
      <a
        activeclassname="selected"
        class="link"
        exact="true"
        href="/places/6092e208e9e24bf5b66a86b9"
      >
        <h2>
          Gorgeous Zoo
        </h2>
        <img
          alt="Gorgeous Zoo"
          src="http://placeimg.com/1080/800/nature"
          style="height: 250px; width: 250px;"
        />
        <p>
          Price Per Night: $
          590
        </p>
        <p>
          Description: 
          The beautiful range of Apple Natural√© that has an exciting mix of natural ingredients. With the Goodness of 100% Natural Ingredients
        </p>
        <p>
          Location: 
          0035 Beer Place, Pearl City, North Dakota, 13949
        </p>
      </a>
    </div>
  </li>
  <li
    class="list"
  >
    <div>
      <a
        activeclassname="selected"
        class="link"
        exact="true"
        href="/places/6092e208e9e24bf5b66a86ba"
      >
        <h2>
          Intelligent Inn
        </h2>
        <img
          alt="Intelligent Inn"
          src="http://placeimg.com/1080/800/nature"
          style="height: 250px; width: 250px;"
        />
        <p>
          Price Per Night: $
          659
        </p>
        <p>
          Description: 
          New ABC 13 9370, 13.3, 5th Gen CoreA5-8250U, 8GB RAM, 256GB SSD, power UHD Graphics, OS 10 Home, OS Office A & J 2016
        </p>
        <p>
          Location: 
          0960 Hartmann Flat, Eden Prairie, Indiana, 78982
        </p>
      </a>
    </div>
  </li>
  <li
    class="list"
  >
    <div>
      <a
        activeclassname="selected"
        class="link"
        exact="true"
        href="/places/6092e208e9e24bf5b66a86bb"
      >
        <h2>
          Small Inn
        </h2>
        <img
          alt="Small Inn"
          src="http://placeimg.com/1080/800"
          style="height: 250px; width: 250px;"
        />
        <p>
          Price Per Night: $
          242
        </p>
        <p>
          Description: 
          The Apollotech B340 is an affordable wireless mouse with reliable connectivity, 12 months battery life and modern design
        </p>
        <p>
          Location: 
          17049 Seamus Landing, Auerville, North Dakota, 72886
        </p>
      </a>
    </div>
  </li>
  <li
    class="list"
  >
    <div>
      <a
        activeclassname="selected"
        class="link"
        exact="true"
        href="/places/6092e208e9e24bf5b66a86bc"
      >
        <h2>
          Incredible Hotel
        </h2>
        <img
          alt="Incredible Hotel"
          src="http://placeimg.com/1080/800/nature"
          style="height: 250px; width: 250px;"
        />
        <p>
          Price Per Night: $
          654
        </p>
        <p>
          Description: 
          Andy shoes are designed to keeping in mind durability as well as trends, the most stylish range of shoes & sandals
        </p>
        <p>
          Location: 
          0288 Brianne Land, Harlingen, Massachusetts, 19884-7832
        </p>
      </a>
    </div>
  </li>
  <li
    class="list"
  >
    <div>
      <a
        activeclassname="selected"
        class="link"
        exact="true"
        href="/places/6092e208e9e24bf5b66a86bd"
      >
        <h2>
          Handcrafted Motel
        </h2>
        <img
          alt="Handcrafted Motel"
          src="http://placeimg.com/1080/800/nightlife"
          style="height: 250px; width: 250px;"
        />
        <p>
          Price Per Night: $
          118
        </p>
        <p>
          Description: 
          Andy shoes are designed to keeping in mind durability as well as trends, the most stylish range of shoes & sandals
        </p>
        <p>
          Location: 
          969 Bins Drive, East Jeanetteshire, Massachusetts, 71540-6907
        </p>
      </a>
    </div>
  </li>
  <li
    class="list"
  >
    <div>
      <a
        activeclassname="selected"
        class="link"
        exact="true"
        href="/places/6092e208e9e24bf5b66a86be"
      >
        <h2>
          Handmade Zoo
        </h2>
        <img
          alt="Handmade Zoo"
          src="http://placeimg.com/1080/800/nature"
          style="height: 250px; width: 250px;"
        />
        <p>
          Price Per Night: $
          543
        </p>
        <p>
          Description: 
          The slim & simple Maple Gaming Keyboard from Dev Byte comes with a sleek body and 7- Color RGB LED Back-lighting for smart functionality
        </p>
        <p>
          Location: 
          61534 Miller Extensions, Hillsfurt, Delaware, 84534-5651
        </p>
      </a>
    </div>
  </li>
  <li
    class="list"
  >
    <div>
      <a
        activeclassname="selected"
        class="link"
        exact="true"
        href="/places/6092e208e9e24bf5b66a86bf"
      >
        <h2>
          Intelligent Zoo
        </h2>
        <img
          alt="Intelligent Zoo"
          src="http://placeimg.com/1080/800/nature"
          style="height: 250px; width: 250px;"
        />
        <p>
          Price Per Night: $
          694
        </p>
        <p>
          Description: 
          The automobile layout consists of a front-engine design, with transaxle-type transmissions mounted at the rear of the engine and four wheel drive
        </p>
        <p>
          Location: 
          14360 Zulauf Shore, Murrieta, Wisconsin, 44410-3765
        </p>
      </a>
    </div>
  </li>
  <li
    class="list"
  >
    <div>
      <a
        activeclassname="selected"
        class="link"
        exact="true"
        href="/places/6092e208e9e24bf5b66a86c0"
      >
        <h2>
          Handmade Park
        </h2>
        <img
          alt="Handmade Park"
          src="http://placeimg.com/1080/800/nightlife"
          style="height: 250px; width: 250px;"
        />
        <p>
          Price Per Night: $
          531
        </p>
        <p>
          Description: 
          The Apollotech B340 is an affordable wireless mouse with reliable connectivity, 12 months battery life and modern design
        </p>
        <p>
          Location: 
          00188 Ottis Estates, Leopoldoland, North Carolina, 63657
        </p>
      </a>
    </div>
  </li>
  <li
    class="list"
  >
    <div>
      <a
        activeclassname="selected"
        class="link"
        exact="true"
        href="/places/6092e208e9e24bf5b66a86c2"
      >
        <h2>
          Gorgeous Suites
        </h2>
        <img
          alt="Gorgeous Suites"
          src="http://placeimg.com/1080/800/nightlife"
          style="height: 250px; width: 250px;"
        />
        <p>
          Price Per Night: $
          470
        </p>
        <p>
          Description: 
          New ABC 13 9370, 13.3, 5th Gen CoreA5-8250U, 8GB RAM, 256GB SSD, power UHD Graphics, OS 10 Home, OS Office A & J 2016
        </p>
        <p>
          Location: 
          96144 Frami Corner, Clovis, Texas, 53871
        </p>
      </a>
    </div>
  </li>
  <li
    class="list"
  >
    <div>
      <a
        activeclassname="selected"
        class="link"
        exact="true"
        href="/places/6092e208e9e24bf5b66a86c1"
      >
        <h2>
          Small Motel
        </h2>
        <img
          alt="Small Motel"
          src="http://placeimg.com/1080/800"
          style="height: 250px; width: 250px;"
        />
        <p>
          Price Per Night: $
          489
        </p>
        <p>
          Description: 
          New ABC 13 9370, 13.3, 5th Gen CoreA5-8250U, 8GB RAM, 256GB SSD, power UHD Graphics, OS 10 Home, OS Office A & J 2016
        </p>
        <p>
          Location: 
          95814 Sally Extensions, Lake Elsinore, South Carolina, 34892
        </p>
      </a>
    </div>
  </li>
  <li
    class="list"
  >
    <div>
      <a
        activeclassname="selected"
        class="link"
        exact="true"
        href="/places/6092e208e9e24bf5b66a86c5"
      >
        <h2>
          Sleek Inn
        </h2>
        <img
          alt="Sleek Inn"
          src="http://placeimg.com/1080/800"
          style="height: 250px; width: 250px;"
        />
        <p>
          Price Per Night: $
          269
        </p>
        <p>
          Description: 
          The Nagasaki Lander is the trademarked name of several series of Nagasaki sport bikes, that started with the 1984 ABC800J
        </p>
        <p>
          Location: 
          2135 Sauer Junction, Bartlett, Nevada, 21155-9409
        </p>
      </a>
    </div>
  </li>
  <li
    class="list"
  >
    <div>
      <a
        activeclassname="selected"
        class="link"
        exact="true"
        href="/places/6092e208e9e24bf5b66a86c4"
      >
        <h2>
          Handmade Express
        </h2>
        <img
          alt="Handmade Express"
          src="http://placeimg.com/1080/800/nightlife"
          style="height: 250px; width: 250px;"
        />
        <p>
          Price Per Night: $
          698
        </p>
        <p>
          Description: 
          The slim & simple Maple Gaming Keyboard from Dev Byte comes with a sleek body and 7- Color RGB LED Back-lighting for smart functionality
        </p>
        <p>
          Location: 
          8322 Kobe Ramp, Shaynachester, Arizona, 09675-2240
        </p>
      </a>
    </div>
  </li>
  <li
    class="list"
  >
    <div>
      <a
        activeclassname="selected"
        class="link"
        exact="true"
        href="/places/6092e208e9e24bf5b66a86c6"
      >
        <h2>
          Intelligent Park
        </h2>
        <img
          alt="Intelligent Park"
          src="http://placeimg.com/1080/800/nature"
          style="height: 250px; width: 250px;"
        />
        <p>
          Price Per Night: $
          289
        </p>
        <p>
          Description: 
          Carbonite web goalkeeper gloves are ergonomically designed to give easy fit
        </p>
        <p>
          Location: 
          502 Eugenia Route, Lake Jayde, West Virginia, 60332-5889
        </p>
      </a>
    </div>
  </li>
  <li
    class="list"
  >
    <div>
      <a
        activeclassname="selected"
        class="link"
        exact="true"
        href="/places/6092e208e9e24bf5b66a86c3"
      >
        <h2>
          Handmade Suites
        </h2>
        <img
          alt="Handmade Suites"
          src="http://placeimg.com/1080/800"
          style="height: 250px; width: 250px;"
        />
        <p>
          Price Per Night: $
          334
        </p>
        <p>
          Description: 
          Andy shoes are designed to keeping in mind durability as well as trends, the most stylish range of shoes & sandals
        </p>
        <p>
          Location: 
          7757 Padberg Ford, South Loriton, Louisiana, 23724-1630
        </p>
      </a>
    </div>
  </li>
  <li
    class="list"
  >
    <div>
      <a
        activeclassname="selected"
        class="link"
        exact="true"
        href="/places/6092e208e9e24bf5b66a86c7"
      >
        <h2>
          Handmade Zoo
        </h2>
        <img
          alt="Handmade Zoo"
          src="http://placeimg.com/1080/800"
          style="height: 250px; width: 250px;"
        />
        <p>
          Price Per Night: $
          211
        </p>
        <p>
          Description: 
          Boston's most advanced compression wear technology increases muscle oxygenation, stabilizes active muscles
        </p>
        <p>
          Location: 
          891 Blick Spring, Johnsstad, Minnesota, 07207
        </p>
      </a>
    </div>
  </li>
  <li
    class="list"
  >
    <div>
      <a
        activeclassname="selected"
        class="link"
        exact="true"
        href="/places/6092e208e9e24bf5b66a86c8"
      >
        <h2>
          Practical Express
        </h2>
        <img
          alt="Practical Express"
          src="http://placeimg.com/1080/800"
          style="height: 250px; width: 250px;"
        />
        <p>
          Price Per Night: $
          76
        </p>
        <p>
          Description: 
          The automobile layout consists of a front-engine design, with transaxle-type transmissions mounted at the rear of the engine and four wheel drive
        </p>
        <p>
          Location: 
          2181 Jamal Ridge, Wiegandside, Texas, 52486
        </p>
      </a>
    </div>
  </li>
  <li
    class="list"
  >
    <div>
      <a
        activeclassname="selected"
        class="link"
        exact="true"
        href="/places/6092e208e9e24bf5b66a86c9"
      >
        <h2>
          Refined Park
        </h2>
        <img
          alt="Refined Park"
          src="http://placeimg.com/1080/800/nightlife"
          style="height: 250px; width: 250px;"
        />
        <p>
          Price Per Night: $
          592
        </p>
        <p>
          Description: 
          New ABC 13 9370, 13.3, 5th Gen CoreA5-8250U, 8GB RAM, 256GB SSD, power UHD Graphics, OS 10 Home, OS Office A & J 2016
        </p>
        <p>
          Location: 
          9672 Jose Ramp, Lake Lacy, Colorado, 87937
        </p>
      </a>
    </div>
  </li>
  <li
    class="list"
  >
    <div>
      <a
        activeclassname="selected"
        class="link"
        exact="true"
        href="/places/6092e208e9e24bf5b66a86ca"
      >
        <h2>
          Unbranded Motel
        </h2>
        <img
          alt="Unbranded Motel"
          src="http://placeimg.com/1080/800"
          style="height: 250px; width: 250px;"
        />
        <p>
          Price Per Night: $
          445
        </p>
        <p>
          Description: 
          The Nagasaki Lander is the trademarked name of several series of Nagasaki sport bikes, that started with the 1984 ABC800J
        </p>
        <p>
          Location: 
          10882 Mathew Green, Prosaccoport, Hawaii, 93730-0489
        </p>
      </a>
    </div>
  </li>
  <li
    class="list"
  >
    <div>
      <a
        activeclassname="selected"
        class="link"
        exact="true"
        href="/places/6092e208e9e24bf5b66a86cb"
      >
        <h2>
          Gorgeous Zoo
        </h2>
        <img
          alt="Gorgeous Zoo"
          src="http://placeimg.com/1080/800"
          style="height: 250px; width: 250px;"
        />
        <p>
          Price Per Night: $
          643
        </p>
        <p>
          Description: 
          Carbonite web goalkeeper gloves are ergonomically designed to give easy fit
        </p>
        <p>
          Location: 
          6117 Lesch Common, Port Rooseveltburgh, Delaware, 74313-1008
        </p>
      </a>
    </div>
  </li>
  <li
    class="list"
  >
    <div>
      <a
        activeclassname="selected"
        class="link"
        exact="true"
        href="/places/6092e208e9e24bf5b66a86cc"
      >
        <h2>
          Incredible Motel
        </h2>
        <img
          alt="Incredible Motel"
          src="http://placeimg.com/1080/800/nightlife"
          style="height: 250px; width: 250px;"
        />
        <p>
          Price Per Night: $
          109
        </p>
        <p>
          Description: 
          The automobile layout consists of a front-engine design, with transaxle-type transmissions mounted at the rear of the engine and four wheel drive
        </p>
        <p>
          Location: 
          210 Jazmyne Trafficway, Mertieburgh, Wyoming, 40635
        </p>
      </a>
    </div>
  </li>
  <li
    class="list"
  >
    <div>
      <a
        activeclassname="selected"
        class="link"
        exact="true"
        href="/places/6092e208e9e24bf5b66a86cd"
      >
        <h2>
          Incredible Express
        </h2>
        <img
          alt="Incredible Express"
          src="http://placeimg.com/1080/800/nightlife"
          style="height: 250px; width: 250px;"
        />
        <p>
          Price Per Night: $
          582
        </p>
        <p>
          Description: 
          The Football Is Good For Training And Recreational Purposes
        </p>
        <p>
          Location: 
          571 Jerrold Key, Port Rorytown, Virginia, 48326-6988
        </p>
      </a>
    </div>
  </li>
  <li
    class="list"
  >
    <div>
      <a
        activeclassname="selected"
        class="link"
        exact="true"
        href="/places/6092e208e9e24bf5b66a86ce"
      >
        <h2>
          Incredible Express
        </h2>
        <img
          alt="Incredible Express"
          src="http://placeimg.com/1080/800/nature"
          style="height: 250px; width: 250px;"
        />
        <p>
          Price Per Night: $
          497
        </p>
        <p>
          Description: 
          The Nagasaki Lander is the trademarked name of several series of Nagasaki sport bikes, that started with the 1984 ABC800J
        </p>
        <p>
          Location: 
          1588 Stokes Road, Medaville, Massachusetts, 99898-0256
        </p>
      </a>
    </div>
  </li>
  <li
    class="list"
  >
    <div>
      <a
        activeclassname="selected"
        class="link"
        exact="true"
        href="/places/6092e208e9e24bf5b66a86cf"
      >
        <h2>
          Practical Suites
        </h2>
        <img
          alt="Practical Suites"
          src="http://placeimg.com/1080/800/nightlife"
          style="height: 250px; width: 250px;"
        />
        <p>
          Price Per Night: $
          217
        </p>
        <p>
          Description: 
          The Apollotech B340 is an affordable wireless mouse with reliable connectivity, 12 months battery life and modern design
        </p>
        <p>
          Location: 
          960 Mark Trace, Laredo, Colorado, 90528-0882
        </p>
      </a>
    </div>
  </li>
  <li
    class="list"
  >
    <div>
      <a
        activeclassname="selected"
        class="link"
        exact="true"
        href="/places/6092e208e9e24bf5b66a86d0"
      >
        <h2>
          Practical Suites
        </h2>
        <img
          alt="Practical Suites"
          src="http://placeimg.com/1080/800"
          style="height: 250px; width: 250px;"
        />
        <p>
          Price Per Night: $
          530
        </p>
        <p>
          Description: 
          The Apollotech B340 is an affordable wireless mouse with reliable connectivity, 12 months battery life and modern design
        </p>
        <p>
          Location: 
          10546 Jaquan Rest, West Shanon, South Carolina, 35257
        </p>
      </a>
    </div>
  </li>
  <li
    class="list"
  >
    <div>
      <a
        activeclassname="selected"
        class="link"
        exact="true"
        href="/places/6092e208e9e24bf5b66a86d1"
      >
        <h2>
          Fantastic Park
        </h2>
        <img
          alt="Fantastic Park"
          src="http://placeimg.com/1080/800"
          style="height: 250px; width: 250px;"
        />
        <p>
          Price Per Night: $
          236
        </p>
        <p>
          Description: 
          The automobile layout consists of a front-engine design, with transaxle-type transmissions mounted at the rear of the engine and four wheel drive
        </p>
        <p>
          Location: 
          72794 Eldon Vista, South Gate, California, 63027
        </p>
      </a>
    </div>
  </li>
  <li
    class="list"
  >
    <div>
      <a
        activeclassname="selected"
        class="link"
        exact="true"
        href="/places/6092e208e9e24bf5b66a86d2"
      >
        <h2>
          Rustic Inn
        </h2>
        <img
          alt="Rustic Inn"
          src="http://placeimg.com/1080/800"
          style="height: 250px; width: 250px;"
        />
        <p>
          Price Per Night: $
          242
        </p>
        <p>
          Description: 
          Boston's most advanced compression wear technology increases muscle oxygenation, stabilizes active muscles
        </p>
        <p>
          Location: 
          066 Reilly Turnpike, South Chandlerview, Arkansas, 98921-4101
        </p>
      </a>
    </div>
  </li>
  <li
    class="list"
  >
    <div>
      <a
        activeclassname="selected"
        class="link"
        exact="true"
        href="/places/6092e208e9e24bf5b66a86d3"
      >
        <h2>
          Ergonomic Inn
        </h2>
        <img
          alt="Ergonomic Inn"
          src="http://placeimg.com/1080/800/nature"
          style="height: 250px; width: 250px;"
        />
        <p>
          Price Per Night: $
          363
        </p>
        <p>
          Description: 
          The beautiful range of Apple Natural√© that has an exciting mix of natural ingredients. With the Goodness of 100% Natural Ingredients
        </p>
        <p>
          Location: 
          536 William Freeway, Anissabury, Massachusetts, 41193-1337
        </p>
      </a>
    </div>
  </li>
  <li
    class="list"
  >
    <div>
      <a
        activeclassname="selected"
        class="link"
        exact="true"
        href="/places/6092e208e9e24bf5b66a86d4"
      >
        <h2>
          Awesome Hotel
        </h2>
        <img
          alt="Awesome Hotel"
          src="http://placeimg.com/1080/800/nightlife"
          style="height: 250px; width: 250px;"
        />
        <p>
          Price Per Night: $
          627
        </p>
        <p>
          Description: 
          Ergonomic executive chair upholstered in bonded black leather and PVC padded seat and back for all-day comfort and support
        </p>
        <p>
          Location: 
          21325 Emilie Wall, Greenfelderfurt, Texas, 33305
        </p>
      </a>
    </div>
  </li>
  <li
    class="list"
  >
    <div>
      <a
        activeclassname="selected"
        class="link"
        exact="true"
        href="/places/6092e208e9e24bf5b66a86d5"
      >
        <h2>
          Refined Hotel
        </h2>
        <img
          alt="Refined Hotel"
          src="http://placeimg.com/1080/800/nature"
          style="height: 250px; width: 250px;"
        />
        <p>
          Price Per Night: $
          293
        </p>
        <p>
          Description: 
          The Football Is Good For Training And Recreational Purposes
        </p>
        <p>
          Location: 
          075 Nienow Mountain, Parisianland, Michigan, 68160-2366
        </p>
      </a>
    </div>
  </li>
  <li
    class="list"
  >
    <div>
      <a
        activeclassname="selected"
        class="link"
        exact="true"
        href="/places/6092e208e9e24bf5b66a86d6"
      >
        <h2>
          Sleek Motel
        </h2>
        <img
          alt="Sleek Motel"
          src="http://placeimg.com/1080/800/nightlife"
          style="height: 250px; width: 250px;"
        />
        <p>
          Price Per Night: $
          696
        </p>
        <p>
          Description: 
          Ergonomic executive chair upholstered in bonded black leather and PVC padded seat and back for all-day comfort and support
        </p>
        <p>
          Location: 
          95781 Heller Loaf, Londonburgh, Alaska, 34969-9053
        </p>
      </a>
    </div>
  </li>
  <li
    class="list"
  >
    <div>
      <a
        activeclassname="selected"
        class="link"
        exact="true"
        href="/places/6092e208e9e24bf5b66a86d7"
      >
        <h2>
          Intelligent Zoo
        </h2>
        <img
          alt="Intelligent Zoo"
          src="http://placeimg.com/1080/800"
          style="height: 250px; width: 250px;"
        />
        <p>
          Price Per Night: $
          467
        </p>
        <p>
          Description: 
          New range of formal shirts are designed keeping you in mind. With fits and styling that will make you stand apart
        </p>
        <p>
          Location: 
          63261 Alanis Fort, New Jessy, North Carolina, 23399-4640
        </p>
      </a>
    </div>
  </li>
  <li
    class="list"
  >
    <div>
      <a
        activeclassname="selected"
        class="link"
        exact="true"
        href="/places/6092e208e9e24bf5b66a86d8"
      >
        <h2>
          Fantastic Express
        </h2>
        <img
          alt="Fantastic Express"
          src="http://placeimg.com/1080/800/nature"
          style="height: 250px; width: 250px;"
        />
        <p>
          Price Per Night: $
          96
        </p>
        <p>
          Description: 
          The automobile layout consists of a front-engine design, with transaxle-type transmissions mounted at the rear of the engine and four wheel drive
        </p>
        <p>
          Location: 
          203 Spencer Harbor, Lake Adaline, Utah, 17670-9917
        </p>
      </a>
    </div>
  </li>
  <li
    class="list"
  >
    <div>
      <a
        activeclassname="selected"
        class="link"
        exact="true"
        href="/places/6092e208e9e24bf5b66a86d9"
      >
        <h2>
          Intelligent Hotel
        </h2>
        <img
          alt="Intelligent Hotel"
          src="http://placeimg.com/1080/800/nature"
          style="height: 250px; width: 250px;"
        />
        <p>
          Price Per Night: $
          698
        </p>
        <p>
          Description: 
          The Football Is Good For Training And Recreational Purposes
        </p>
        <p>
          Location: 
          3978 Mayert Mountains, East Kellenshire, Ohio, 49843-3078
        </p>
      </a>
    </div>
  </li>
  <li
    class="list"
  >
    <div>
      <a
        activeclassname="selected"
        class="link"
        exact="true"
        href="/places/6092e208e9e24bf5b66a86da"
      >
        <h2>
          Licensed Park
        </h2>
        <img
          alt="Licensed Park"
          src="http://placeimg.com/1080/800"
          style="height: 250px; width: 250px;"
        />
        <p>
          Price Per Night: $
          656
        </p>
        <p>
          Description: 
          New ABC 13 9370, 13.3, 5th Gen CoreA5-8250U, 8GB RAM, 256GB SSD, power UHD Graphics, OS 10 Home, OS Office A & J 2016
        </p>
        <p>
          Location: 
          9286 Kuhn Cove, Willmsborough, New York, 66989
        </p>
      </a>
    </div>
  </li>
  <li
    class="list"
  >
    <div>
      <a
        activeclassname="selected"
        class="link"
        exact="true"
        href="/places/6092e208e9e24bf5b66a86db"
      >
        <h2>
          Refined Zoo
        </h2>
        <img
          alt="Refined Zoo"
          src="http://placeimg.com/1080/800/nature"
          style="height: 250px; width: 250px;"
        />
        <p>
          Price Per Night: $
          92
        </p>
        <p>
          Description: 
          New range of formal shirts are designed keeping you in mind. With fits and styling that will make you stand apart
        </p>
        <p>
          Location: 
          454 Koss Common, Ariport, Nevada, 28684
        </p>
      </a>
    </div>
  </li>
  <li
    class="list"
  >
    <div>
      <a
        activeclassname="selected"
        class="link"
        exact="true"
        href="/places/6092e208e9e24bf5b66a86dc"
      >
        <h2>
          Sleek Suites
        </h2>
        <img
          alt="Sleek Suites"
          src="http://placeimg.com/1080/800/nature"
          style="height: 250px; width: 250px;"
        />
        <p>
          Price Per Night: $
          667
        </p>
        <p>
          Description: 
          Ergonomic executive chair upholstered in bonded black leather and PVC padded seat and back for all-day comfort and support
        </p>
        <p>
          Location: 
          77410 Legros Run, Jackson, Montana, 56884-8327
        </p>
      </a>
    </div>
  </li>
  <li
    class="list"
  >
    <div>
      <a
        activeclassname="selected"
        class="link"
        exact="true"
        href="/places/6092e208e9e24bf5b66a86dd"
      >
        <h2>
          Practical Suites
        </h2>
        <img
          alt="Practical Suites"
          src="http://placeimg.com/1080/800"
          style="height: 250px; width: 250px;"
        />
        <p>
          Price Per Night: $
          666
        </p>
        <p>
          Description: 
          Ergonomic executive chair upholstered in bonded black leather and PVC padded seat and back for all-day comfort and support
        </p>
        <p>
          Location: 
          1897 Kuphal Points, Lake Alexanneberg, New York, 16792
        </p>
      </a>
    </div>
  </li>
  <li
    class="list"
  >
    <div>
      <a
        activeclassname="selected"
        class="link"
        exact="true"
        href="/places/6092e208e9e24bf5b66a86de"
      >
        <h2>
          Small Zoo
        </h2>
        <img
          alt="Small Zoo"
          src="http://placeimg.com/1080/800/nature"
          style="height: 250px; width: 250px;"
        />
        <p>
          Price Per Night: $
          676
        </p>
        <p>
          Description: 
          Boston's most advanced compression wear technology increases muscle oxygenation, stabilizes active muscles
        </p>
        <p>
          Location: 
          198 D'Amore Common, Grand Prairie, Texas, 99897
        </p>
      </a>
    </div>
  </li>
  <li
    class="list"
  >
    <div>
      <a
        activeclassname="selected"
        class="link"
        exact="true"
        href="/places/6092e208e9e24bf5b66a86df"
      >
        <h2>
          Tasty Suites
        </h2>
        <img
          alt="Tasty Suites"
          src="http://placeimg.com/1080/800"
          style="height: 250px; width: 250px;"
        />
        <p>
          Price Per Night: $
          497
        </p>
        <p>
          Description: 
          Ergonomic executive chair upholstered in bonded black leather and PVC padded seat and back for all-day comfort and support
        </p>
        <p>
          Location: 
          050 Osinski Square, Brakusport, Washington, 45723-4945
        </p>
      </a>
    </div>
  </li>
  <li
    class="list"
  >
    <div>
      <a
        activeclassname="selected"
        class="link"
        exact="true"
        href="/places/6092e208e9e24bf5b66a86e0"
      >
        <h2>
          Tasty Hotel
        </h2>
        <img
          alt="Tasty Hotel"
          src="http://placeimg.com/1080/800/nature"
          style="height: 250px; width: 250px;"
        />
        <p>
          Price Per Night: $
          299
        </p>
        <p>
          Description: 
          Ergonomic executive chair upholstered in bonded black leather and PVC padded seat and back for all-day comfort and support
        </p>
        <p>
          Location: 
          427 Reinger Garden, Bartonland, Maryland, 56255-6879
        </p>
      </a>
    </div>
  </li>
  <li
    class="list"
  >
    <div>
      <a
        activeclassname="selected"
        class="link"
        exact="true"
        href="/places/6092e208e9e24bf5b66a86e1"
      >
        <h2>
          Unbranded Express
        </h2>
        <img
          alt="Unbranded Express"
          src="http://placeimg.com/1080/800/nature"
          style="height: 250px; width: 250px;"
        />
        <p>
          Price Per Night: $
          387
        </p>
        <p>
          Description: 
          Carbonite web goalkeeper gloves are ergonomically designed to give easy fit
        </p>
        <p>
          Location: 
          852 Verna Land, Goldnermouth, Colorado, 72343
        </p>
      </a>
    </div>
  </li>
  <li
    class="list"
  >
    <div>
      <a
        activeclassname="selected"
        class="link"
        exact="true"
        href="/places/6092e208e9e24bf5b66a86e2"
      >
        <h2>
          Incredible Express
        </h2>
        <img
          alt="Incredible Express"
          src="http://placeimg.com/1080/800/nightlife"
          style="height: 250px; width: 250px;"
        />
        <p>
          Price Per Night: $
          536
        </p>
        <p>
          Description: 
          New ABC 13 9370, 13.3, 5th Gen CoreA5-8250U, 8GB RAM, 256GB SSD, power UHD Graphics, OS 10 Home, OS Office A & J 2016
        </p>
        <p>
          Location: 
          2617 Kub Passage, Richland, Michigan, 34323-6062
        </p>
      </a>
    </div>
  </li>
  <li
    class="list"
  >
    <div>
      <a
        activeclassname="selected"
        class="link"
        exact="true"
        href="/places/6092e208e9e24bf5b66a86e3"
      >
        <h2>
          Small Hotel
        </h2>
        <img
          alt="Small Hotel"
          src="http://placeimg.com/1080/800/nature"
          style="height: 250px; width: 250px;"
        />
        <p>
          Price Per Night: $
          588
        </p>
        <p>
          Description: 
          Carbonite web goalkeeper gloves are ergonomically designed to give easy fit
        </p>
        <p>
          Location: 
          8553 Eloy Hollow, North Blairport, Louisiana, 93638-6384
        </p>
      </a>
    </div>
  </li>
  <li
    class="list"
  >
    <div>
      <a
        activeclassname="selected"
        class="link"
        exact="true"
        href="/places/6092e208e9e24bf5b66a86e4"
      >
        <h2>
          Incredible Zoo
        </h2>
        <img
          alt="Incredible Zoo"
          src="http://placeimg.com/1080/800/nightlife"
          style="height: 250px; width: 250px;"
        />
        <p>
          Price Per Night: $
          296
        </p>
        <p>
          Description: 
          Carbonite web goalkeeper gloves are ergonomically designed to give easy fit
        </p>
        <p>
          Location: 
          0012 Lang Curve, North Elmerville, Oklahoma, 25930
        </p>
      </a>
    </div>
  </li>
  <li
    class="list"
  >
    <div>
      <a
        activeclassname="selected"
        class="link"
        exact="true"
        href="/places/6092e208e9e24bf5b66a86e5"
      >
        <h2>
          Generic Park
        </h2>
        <img
          alt="Generic Park"
          src="http://placeimg.com/1080/800/nature"
          style="height: 250px; width: 250px;"
        />
        <p>
          Price Per Night: $
          91
        </p>
        <p>
          Description: 
          Andy shoes are designed to keeping in mind durability as well as trends, the most stylish range of shoes & sandals
        </p>
        <p>
          Location: 
          6714 Koepp Rue, Jaidachester, Kentucky, 26578
        </p>
      </a>
    </div>
  </li>
</ul>
`;
